<?xml version="1.0" encoding="utf-8"?>
<TestRun id="bb6e94a1-4e90-4033-bb72-b7866ea041d4" name="Xellarant@KAIA 2026-09-25 20:13:11" runUser="KAIA\Xellarant" xmlns="http://microsoft.com/schemas/VisualStudio/TeamTest/2010">
  <Times creation="2026-09-25T20:13:11.5011226-07:00" queuing="2026-09-25T20:13:11.5011229-07:00" start="2026-09-25T20:13:09.2490721-07:00" finish="2026-09-25T20:13:24.8555028-07:00" />
  <TestSettings name="default" id="6bbae4e1-dc8b-44f2-bbff-4db8a94e035b">
    <Deployment runDeploymentRoot="Xellarant_KAIA_2026-09-25_20_13_11" />
  </TestSettings>
  <Results>
    <UnitTestResult executionId="af354b06-f5c7-4746-b445-e2dfb86de16b" testId="1e2407cb-8df5-795d-dad0-41be9ce6d28c" testName="Aurora.Tests.Tests.ContentUnavailableReportingTests.OlderDatabaseWithoutUnavailableDefinitionsDoesNotBlockRawFallback" computerName="KAIA" duration="00:00:00.0109710" startTime="2026-09-25T20:13:22.8610397-07:00" endTime="2026-09-25T20:13:22.8720797-07:00" testType="13cdc9d9-ddb5-4fa4-a97d-d965ccfc6d4b" outcome="Passed" testListId="8c84fa94-04c1-424b-9868-57a2d4851a1d" relativeResultsDirectory="af354b06-f5c7-4746-b445-e2dfb86de16b" />
    <UnitTestResult executionId="fc855e59-ccdd-48cc-804f-754b5a7d0e72" testId="5259b302-c705-3cbc-d1a9-f15931292b2b" testName="Aurora.Tests.Tests.ContentUnavailableReportingTests.UnavailableIdsPreventRawFallbackFromUndoingTheImportDecision" computerName="KAIA" duration="00:00:00.0148255" startTime="2026-09-25T20:13:24.7690417-07:00" endTime="2026-09-25T20:13:24.7838317-07:00" testType="13cdc9d9-ddb5-4fa4-a97d-d965ccfc6d4b" outcome="Passed" testListId="8c84fa94-04c1-424b-9868-57a2d4851a1d" relativeResultsDirectory="fc855e59-ccdd-48cc-804f-754b5a7d0e72" />
    <UnitTestResult executionId="2bea6318-ac36-4713-a891-046da04044a4" testId="ba0e6c6c-06e6-8452-4303-53ba17328100" testName="Aurora.Tests.Tests.SourceRestrictionTreeBuilderTests.RequiredSourcesAreCollectedAtTheEndAndCannotBeSwitchedOff" computerName="KAIA" duration="00:00:00.0003911" startTime="2026-09-25T20:13:22.4203548-07:00" endTime="2026-09-25T20:13:22.4206757-07:00" testType="13cdc9d9-ddb5-4fa4-a97d-d965ccfc6d4b" outcome="Passed" testListId="8c84fa94-04c1-424b-9868-57a2d4851a1d" relativeResultsDirectory="2bea6318-ac36-4713-a891-046da04044a4" />
    <UnitTestResult executionId="64f51a1f-ce42-4747-82d4-4bd84b7255b0" testId="76b9e12e-f20a-38e8-7b4e-0c5a6ffa7667" testName="Aurora.Tests.Tests.SourceRestrictionTreeBuilderTests.ACategoryWithOnePublisherSkipsThatLevel" computerName="KAIA" duration="00:00:00.0003792" startTime="2026-09-25T20:13:22.4196484-07:00" endTime="2026-09-25T20:13:22.4199625-07:00" testType="13cdc9d9-ddb5-4fa4-a97d-d965ccfc6d4b" outcome="Passed" testListId="8c84fa94-04c1-424b-9868-57a2d4851a1d" relativeResultsDirectory="64f51a1f-ce42-4747-82d4-4bd84b7255b0" />
    <UnitTestResult executionId="023fd340-d2b2-4086-a524-463e031d1390" testId="16edb4ff-a7da-e5be-5b2e-9daf55125c11" testName="Aurora.Tests.Tests.SourceRestrictionsEditorTests.FilteringByPublisherShowsItsBooksAndCategory(query: &quot;Wizards of the Coast&quot;)" computerName="KAIA" duration="00:00:00.0060188" startTime="2026-09-25T20:13:22.7886136-07:00" endTime="2026-09-25T20:13:22.7946151-07:00" testType="13cdc9d9-ddb5-4fa4-a97d-d965ccfc6d4b" outcome="Passed" testListId="8c84fa94-04c1-424b-9868-57a2d4851a1d" relativeResultsDirectory="023fd340-d2b2-4086-a524-463e031d1390" />
    <UnitTestResult executionId="df4d3a86-d67b-4e71-809f-bb3ead722c13" testId="330f1c2d-3ca2-29b8-3bc0-7ada9afd810b" testName="Aurora.Tests.Tests.ContentFallbackPolicyTests.ClassificationNoticeAloneDoesNotBlockRawFallback" computerName="KAIA" duration="00:00:00.0632446" startTime="2026-09-25T20:13:11.2945452-07:00" endTime="2026-09-25T20:13:11.3424756-07:00" testType="13cdc9d9-ddb5-4fa4-a97d-d965ccfc6d4b" outcome="Passed" testListId="8c84fa94-04c1-424b-9868-57a2d4851a1d" relativeResultsDirectory="df4d3a86-d67b-4e71-809f-bb3ead722c13" />
    <UnitTestResult executionId="43db8fe3-28d0-4414-8226-487c68e6f0ce" testId="adba412f-aa12-4772-ac60-675d6ee3c979" testName="Aurora.Tests.Tests.ContentFallbackPolicyTests.PersistedExclusionsBlockRawFallbackEvenWithoutUnavailableIds(kind: &quot;superseded-definition&quot;)" computerName="KAIA" duration="00:00:00.0324331" startTime="2026-09-25T20:13:11.3550379-07:00" endTime="2026-09-25T20:13:11.3756305-07:00" testType="13cdc9d9-ddb5-4fa4-a97d-d965ccfc6d4b" outcome="Passed" testListId="8c84fa94-04c1-424b-9868-57a2d4851a1d" relativeResultsDirectory="43db8fe3-28d0-4414-8226-487c68e6f0ce" />
    <UnitTestResult executionId="2291a41a-f6ed-467b-95cf-e715cecee318" testId="9183fe3f-09c8-e0c3-8473-1765093c64fd" testName="Aurora.Tests.Tests.ContentSkipReportingTests.ARefreshReportsTheFilesItLeftOut" computerName="KAIA" duration="00:00:01.2375183" startTime="2026-09-25T20:13:19.9561883-07:00" endTime="2026-09-25T20:13:21.1934370-07:00" testType="13cdc9d9-ddb5-4fa4-a97d-d965ccfc6d4b" outcome="Passed" testListId="8c84fa94-04c1-424b-9868-57a2d4851a1d" relativeResultsDirectory="2291a41a-f6ed-467b-95cf-e715cecee318" />
    <UnitTestResult executionId="3df7996f-010a-42cb-a487-399299dfb9e5" testId="c56ed313-d337-d02f-ef1c-7bc544640c99" testName="Aurora.Tests.Tests.SourceRestrictionsEditorTests.FilteringDoesNotChangeCategoryCountsOrBulkToggleScope" computerName="KAIA" duration="00:00:00.0050981" startTime="2026-09-25T20:13:22.8111768-07:00" endTime="2026-09-25T20:13:22.8162350-07:00" testType="13cdc9d9-ddb5-4fa4-a97d-d965ccfc6d4b" outcome="Passed" testListId="8c84fa94-04c1-424b-9868-57a2d4851a1d" relativeResultsDirectory="3df7996f-010a-42cb-a487-399299dfb9e5" />
    <UnitTestResult executionId="47d85feb-55aa-48ba-bab2-db133c7eaa91" testId="1b22609c-3aa1-21c9-92e6-521740904cb4" testName="Aurora.Tests.Tests.SourceRestrictionsEditorTests.TogglingAPublisherSendsOnlyThatPublishersSources" computerName="KAIA" duration="00:00:00.0042514" startTime="2026-09-25T20:13:22.8441883-07:00" endTime="2026-09-25T20:13:22.8484243-07:00" testType="13cdc9d9-ddb5-4fa4-a97d-d965ccfc6d4b" outcome="Passed" testListId="8c84fa94-04c1-424b-9868-57a2d4851a1d" relativeResultsDirectory="47d85feb-55aa-48ba-bab2-db133c7eaa91" />
    <UnitTestResult executionId="691102ea-60f1-498f-a84e-e48d379899bd" testId="6bc72b9c-a566-9507-56f7-d5e393a8d032" testName="Aurora.Tests.Tests.SourceRestrictionsEditorTests.TogglingACategorySendsEverySourceUnderIt" computerName="KAIA" duration="00:00:00.0021540" startTime="2026-09-25T20:13:22.8549305-07:00" endTime="2026-09-25T20:13:22.8570496-07:00" testType="13cdc9d9-ddb5-4fa4-a97d-d965ccfc6d4b" outcome="Passed" testListId="8c84fa94-04c1-424b-9868-57a2d4851a1d" relativeResultsDirectory="691102ea-60f1-498f-a84e-e48d379899bd" />
    <UnitTestResult executionId="66723970-e0ad-44a7-be6b-c8c22b529a0d" testId="2795c8ed-a38a-8402-91a7-8a7aabf55a8c" testName="Aurora.Tests.Tests.SourceRestrictionTreeBuilderTests.APublisherThatSpansTwoErasAppearsUnderBoth" computerName="KAIA" duration="00:00:00.0004746" startTime="2026-09-25T20:13:22.4213835-07:00" endTime="2026-09-25T20:13:22.4215088-07:00" testType="13cdc9d9-ddb5-4fa4-a97d-d965ccfc6d4b" outcome="Passed" testListId="8c84fa94-04c1-424b-9868-57a2d4851a1d" relativeResultsDirectory="66723970-e0ad-44a7-be6b-c8c22b529a0d" />
    <UnitTestResult executionId="17d45676-7ca5-49b7-bad1-57af6c08efe7" testId="1b1a9f85-56a7-6968-9a1e-15d9f969f8fb" testName="Aurora.Tests.Tests.SourceRestrictionsEditorTests.AMixedCategoryReportsItselfAsMixed" computerName="KAIA" duration="00:00:00.0016146" startTime="2026-09-25T20:13:22.8595959-07:00" endTime="2026-09-25T20:13:22.8608271-07:00" testType="13cdc9d9-ddb5-4fa4-a97d-d965ccfc6d4b" outcome="Passed" testListId="8c84fa94-04c1-424b-9868-57a2d4851a1d" relativeResultsDirectory="17d45676-7ca5-49b7-bad1-57af6c08efe7" />
    <UnitTestResult executionId="981f22b9-5fae-44bd-ac8f-a75983e9973d" testId="bb10c825-2da4-45ad-572a-e7f7aff7f76f" testName="Aurora.Tests.Tests.ContentFallbackPolicyTests.PersistedExclusionsBlockRawFallbackEvenWithoutUnavailableIds(kind: &quot;append&quot;)" computerName="KAIA" duration="00:00:00.0130539" startTime="2026-09-25T20:13:11.4533525-07:00" endTime="2026-09-25T20:13:11.4663579-07:00" testType="13cdc9d9-ddb5-4fa4-a97d-d965ccfc6d4b" outcome="Passed" testListId="8c84fa94-04c1-424b-9868-57a2d4851a1d" relativeResultsDirectory="981f22b9-5fae-44bd-ac8f-a75983e9973d" />
    <UnitTestResult executionId="e47d9a26-bb49-41f1-99be-a424041593ba" testId="4f6bde2e-308b-4e2b-1acf-a6cebabf88b6" testName="Aurora.Tests.Tests.ContentFallbackPolicyTests.PersistedExclusionsBlockRawFallbackEvenWithoutUnavailableIds(kind: &quot;conflict&quot;)" computerName="KAIA" duration="00:00:00.0130055" startTime="2026-09-25T20:13:11.4664875-07:00" endTime="2026-09-25T20:13:11.4794442-07:00" testType="13cdc9d9-ddb5-4fa4-a97d-d965ccfc6d4b" outcome="Passed" testListId="8c84fa94-04c1-424b-9868-57a2d4851a1d" relativeResultsDirectory="e47d9a26-bb49-41f1-99be-a424041593ba" />
    <UnitTestResult executionId="7827f51f-491d-41bf-be4d-989cae24b78c" testId="90442827-b214-dae0-2af3-7cfff0d21fe7" testName="Aurora.Tests.Tests.ContentFallbackPolicyTests.PersistedExclusionsBlockRawFallbackEvenWithoutUnavailableIds(kind: &quot;definition-collision&quot;)" computerName="KAIA" duration="00:00:00.0140511" startTime="2026-09-25T20:13:11.4239399-07:00" endTime="2026-09-25T20:13:11.4379143-07:00" testType="13cdc9d9-ddb5-4fa4-a97d-d965ccfc6d4b" outcome="Passed" testListId="8c84fa94-04c1-424b-9868-57a2d4851a1d" relativeResultsDirectory="7827f51f-491d-41bf-be4d-989cae24b78c" />
    <UnitTestResult executionId="b7f31ac7-5b70-4d7d-a911-6940738a85a0" testId="59eef54e-3de5-633b-8274-926ea6868b39" testName="Aurora.Tests.Tests.SourceRestrictionTreeBuilderTests.RequiredSourcesAreLeftOutOfTheCategoryTheyWouldOtherwiseJoin" computerName="KAIA" duration="00:00:00.0006297" startTime="2026-09-25T20:13:22.4216360-07:00" endTime="2026-09-25T20:13:22.4221767-07:00" testType="13cdc9d9-ddb5-4fa4-a97d-d965ccfc6d4b" outcome="Passed" testListId="8c84fa94-04c1-424b-9868-57a2d4851a1d" relativeResultsDirectory="b7f31ac7-5b70-4d7d-a911-6940738a85a0" />
    <UnitTestResult executionId="74c3fa43-4678-46bb-9c3b-6ff7054fb055" testId="c92b96de-d8ce-db36-d470-46d3ad9a0146" testName="Aurora.Tests.Tests.SourceRestrictionsEditorTests.RequiredSourcesAreVisiblyEnabledAndLocked" computerName="KAIA" duration="00:00:00.0077643" startTime="2026-09-25T20:13:22.7975571-07:00" endTime="2026-09-25T20:13:22.8052857-07:00" testType="13cdc9d9-ddb5-4fa4-a97d-d965ccfc6d4b" outcome="Passed" testListId="8c84fa94-04c1-424b-9868-57a2d4851a1d" relativeResultsDirectory="74c3fa43-4678-46bb-9c3b-6ff7054fb055" />
    <UnitTestResult executionId="6b54d603-12e1-4cf2-8693-62066c5bb0f7" testId="9ead0ad9-911e-c3c5-7301-627a6274b5d3" testName="Aurora.Tests.Tests.SourceRestrictionTreeBuilderTests.CountsDescribeWhatIsEnabledBeneathTheNode" computerName="KAIA" duration="00:00:00.0002607" startTime="2026-09-25T20:13:22.4212357-07:00" endTime="2026-09-25T20:13:22.4212798-07:00" testType="13cdc9d9-ddb5-4fa4-a97d-d965ccfc6d4b" outcome="Passed" testListId="8c84fa94-04c1-424b-9868-57a2d4851a1d" relativeResultsDirectory="6b54d603-12e1-4cf2-8693-62066c5bb0f7" />
    <UnitTestResult executionId="be02b9b0-878e-4ba1-9f67-a25e9bdec7f7" testId="9b90017e-b8b1-9aea-caf6-fc81fb97d750" testName="Aurora.Tests.Tests.ContentSkipReportingTests.TheRefreshSummarySaysWhenFilesNeedAttention" computerName="KAIA" duration="00:00:00.0014893" startTime="2026-09-25T20:13:22.4028452-07:00" endTime="2026-09-25T20:13:22.4042682-07:00" testType="13cdc9d9-ddb5-4fa4-a97d-d965ccfc6d4b" outcome="Passed" testListId="8c84fa94-04c1-424b-9868-57a2d4851a1d" relativeResultsDirectory="be02b9b0-878e-4ba1-9f67-a25e9bdec7f7" />
    <UnitTestResult executionId="b3dd573e-41ba-4930-b5a5-6f4d92033c0e" testId="34c56147-0558-ee74-ab94-c73b31c10e06" testName="Aurora.Tests.Tests.SourceRestrictionsEditorTests.TheTreeStartsCollapsedWithACategoryPerRulesContext" computerName="KAIA" duration="00:00:00.0027965" startTime="2026-09-25T20:13:22.7947277-07:00" endTime="2026-09-25T20:13:22.7974495-07:00" testType="13cdc9d9-ddb5-4fa4-a97d-d965ccfc6d4b" outcome="Passed" testListId="8c84fa94-04c1-424b-9868-57a2d4851a1d" relativeResultsDirectory="b3dd573e-41ba-4930-b5a5-6f4d92033c0e" />
    <UnitTestResult executionId="3b517a0a-74ef-48bd-a57e-30d9460739e2" testId="c415bce2-2437-a1a9-c54a-6cd44f8807f3" testName="Aurora.Tests.Tests.ContentSkipReportingTests.ADatabaseWithNothingSkippedReportsNothing" computerName="KAIA" duration="00:00:01.2672612" startTime="2026-09-25T20:13:18.6888463-07:00" endTime="2026-09-25T20:13:19.9559796-07:00" testType="13cdc9d9-ddb5-4fa4-a97d-d965ccfc6d4b" outcome="Passed" testListId="8c84fa94-04c1-424b-9868-57a2d4851a1d" relativeResultsDirectory="3b517a0a-74ef-48bd-a57e-30d9460739e2" />
    <UnitTestResult executionId="ff80a1aa-91f6-4d65-8292-e059ba6861c5" testId="80dcb568-338f-7130-f606-68445280a269" testName="Aurora.Tests.Tests.ContentUnavailableReportingTests.FullDatabaseLoadDoesNotRestoreUnavailableBuiltinsUserXmlOrGeneratedElements" computerName="KAIA" duration="00:00:01.8955721" startTime="2026-09-25T20:13:22.8722017-07:00" endTime="2026-09-25T20:13:24.7688284-07:00" testType="13cdc9d9-ddb5-4fa4-a97d-d965ccfc6d4b" outcome="Passed" testListId="8c84fa94-04c1-424b-9868-57a2d4851a1d" relativeResultsDirectory="ff80a1aa-91f6-4d65-8292-e059ba6861c5" />
    <UnitTestResult executionId="103c9d07-5351-41d6-b923-6a49f7d85dfa" testId="07b9b987-4dd7-1782-600d-b619fcc27382" testName="Aurora.Tests.Tests.ContentUnavailableReportingTests.SummarySeparatesUnavailableDefinitionsFromSkippedFilesAndAppends" computerName="KAIA" duration="00:00:00.0009431" startTime="2026-09-25T20:13:24.7853544-07:00" endTime="2026-09-25T20:13:24.7862685-07:00" testType="13cdc9d9-ddb5-4fa4-a97d-d965ccfc6d4b" outcome="Passed" testListId="8c84fa94-04c1-424b-9868-57a2d4851a1d" relativeResultsDirectory="103c9d07-5351-41d6-b923-6a49f7d85dfa" />
    <UnitTestResult executionId="b44b8b4c-5bf7-4df2-9c12-9c1a55ce98e4" testId="d151edec-8c50-2bb0-97f9-5d043c546855" testName="Aurora.Tests.Tests.SourceRestrictionsEditorTests.FilteringByPublisherShowsItsBooksAndCategory(query: &quot;  wizards OF THE coast  &quot;)" computerName="KAIA" duration="00:00:00.3660928" startTime="2026-09-25T20:13:22.4223210-07:00" endTime="2026-09-25T20:13:22.7884891-07:00" testType="13cdc9d9-ddb5-4fa4-a97d-d965ccfc6d4b" outcome="Passed" testListId="8c84fa94-04c1-424b-9868-57a2d4851a1d" relativeResultsDirectory="b44b8b4c-5bf7-4df2-9c12-9c1a55ce98e4" />
    <UnitTestResult executionId="693776c3-c049-47f2-8de1-483369f060e5" testId="dada10b9-9406-82a0-1dc5-bfbb9fc166ad" testName="Aurora.Tests.Tests.SourceRestrictionsEditorTests.FilteringOpensWhatItFindsAndHidesTheRest" computerName="KAIA" duration="00:00:00.0032833" startTime="2026-09-25T20:13:22.8169327-07:00" endTime="2026-09-25T20:13:22.8196209-07:00" testType="13cdc9d9-ddb5-4fa4-a97d-d965ccfc6d4b" outcome="Passed" testListId="8c84fa94-04c1-424b-9868-57a2d4851a1d" relativeResultsDirectory="693776c3-c049-47f2-8de1-483369f060e5" />
    <UnitTestResult executionId="6a92dbc5-33a8-49f1-ad89-e21403e5162d" testId="574f9084-bd79-f342-46b3-12150ac8a44c" testName="Aurora.Tests.Tests.ContentFallbackPolicyTests.RuntimeFailureCannotBypassProvisionalOrRetainedDefinitions(retainPrevious: True)" computerName="KAIA" duration="00:00:04.2005979" startTime="2026-09-25T20:13:11.4860911-07:00" endTime="2026-09-25T20:13:15.6839997-07:00" testType="13cdc9d9-ddb5-4fa4-a97d-d965ccfc6d4b" outcome="Passed" testListId="8c84fa94-04c1-424b-9868-57a2d4851a1d" relativeResultsDirectory="6a92dbc5-33a8-49f1-ad89-e21403e5162d" />
    <UnitTestResult executionId="dfbdd8ef-556b-4d2f-b6b4-fe5d4aa8dc76" testId="42c1a4b0-0432-60bb-f992-74e8859181bc" testName="Aurora.Tests.Tests.SourceRestrictionsEditorTests.ClearingTheFilterRestoresManualExpansions" computerName="KAIA" duration="00:00:00.0094771" startTime="2026-09-25T20:13:22.8318826-07:00" endTime="2026-09-25T20:13:22.8413202-07:00" testType="13cdc9d9-ddb5-4fa4-a97d-d965ccfc6d4b" outcome="Passed" testListId="8c84fa94-04c1-424b-9868-57a2d4851a1d" relativeResultsDirectory="dfbdd8ef-556b-4d2f-b6b4-fe5d4aa8dc76" />
    <UnitTestResult executionId="85fcc1dd-8f87-4457-aebb-f7aff010fffe" testId="6d22cd25-0654-f79a-f69d-ff5ecebaf9ab" testName="Aurora.Tests.Tests.SourceRestrictionsEditorTests.AFilterThatMatchesNothingSaysSo" computerName="KAIA" duration="00:00:00.0023371" startTime="2026-09-25T20:13:22.8525416-07:00" endTime="2026-09-25T20:13:22.8548395-07:00" testType="13cdc9d9-ddb5-4fa4-a97d-d965ccfc6d4b" outcome="Passed" testListId="8c84fa94-04c1-424b-9868-57a2d4851a1d" relativeResultsDirectory="85fcc1dd-8f87-4457-aebb-f7aff010fffe" />
    <UnitTestResult executionId="2fc5fe29-b860-4815-a405-694ecf344e21" testId="73ea55e3-6a21-1ed4-e052-a36b5bd20f08" testName="Aurora.Tests.Tests.SourceRestrictionsEditorTests.AFullyEnabledCategoryTurnsItselfOff" computerName="KAIA" duration="00:00:00.0020208" startTime="2026-09-25T20:13:22.8571708-07:00" endTime="2026-09-25T20:13:22.8591535-07:00" testType="13cdc9d9-ddb5-4fa4-a97d-d965ccfc6d4b" outcome="Passed" testListId="8c84fa94-04c1-424b-9868-57a2d4851a1d" relativeResultsDirectory="2fc5fe29-b860-4815-a405-694ecf344e21" />
    <UnitTestResult executionId="4450bbdf-7d1d-414e-b0e1-92381c0090db" testId="eda5bc7c-2869-83ae-c9e7-00f8701cdbde" testName="Aurora.Tests.Tests.ContentFallbackPolicyTests.PersistedExclusionsBlockRawFallbackEvenWithoutUnavailableIds(kind: &quot;definition-conflict&quot;)" computerName="KAIA" duration="00:00:00.0146996" startTime="2026-09-25T20:13:11.4091595-07:00" endTime="2026-09-25T20:13:11.4238122-07:00" testType="13cdc9d9-ddb5-4fa4-a97d-d965ccfc6d4b" outcome="Passed" testListId="8c84fa94-04c1-424b-9868-57a2d4851a1d" relativeResultsDirectory="4450bbdf-7d1d-414e-b0e1-92381c0090db" />
    <UnitTestResult executionId="9638f43d-bf99-4249-b6a8-a1948e96f0f1" testId="39e20706-3a37-3ae2-9592-74868b1402aa" testName="Aurora.Tests.Tests.ContentFallbackPolicyTests.PersistedExclusionsBlockRawFallbackEvenWithoutUnavailableIds(kind: &quot;correction&quot;)" computerName="KAIA" duration="00:00:00.0183703" startTime="2026-09-25T20:13:11.3763351-07:00" endTime="2026-09-25T20:13:11.3940200-07:00" testType="13cdc9d9-ddb5-4fa4-a97d-d965ccfc6d4b" outcome="Passed" testListId="8c84fa94-04c1-424b-9868-57a2d4851a1d" relativeResultsDirectory="9638f43d-bf99-4249-b6a8-a1948e96f0f1" />
    <UnitTestResult executionId="bf9ab632-d78d-49b3-b44c-99c8dd959dd3" testId="b48d7164-af6a-4b35-e0d2-470ea442f52c" testName="Aurora.Tests.Tests.SourceRestrictionTreeBuilderTests.SourcesWithNoRulesContextStillGetAHome" computerName="KAIA" duration="00:00:00.0003138" startTime="2026-09-25T20:13:22.4192838-07:00" endTime="2026-09-25T20:13:22.4195414-07:00" testType="13cdc9d9-ddb5-4fa4-a97d-d965ccfc6d4b" outcome="Passed" testListId="8c84fa94-04c1-424b-9868-57a2d4851a1d" relativeResultsDirectory="bf9ab632-d78d-49b3-b44c-99c8dd959dd3" />
    <UnitTestResult executionId="f81c2228-2da0-4fa5-a028-164cf6f87d23" testId="5d7ace40-9f32-bff4-6872-eb1531a11834" testName="Aurora.Tests.Tests.ContentFallbackPolicyTests.PersistedExclusionsBlockRawFallbackEvenWithoutUnavailableIds(kind: &quot;unknown-future-exclusion&quot;)" computerName="KAIA" duration="00:00:00.0149102" startTime="2026-09-25T20:13:11.3941460-07:00" endTime="2026-09-25T20:13:11.4090289-07:00" testType="13cdc9d9-ddb5-4fa4-a97d-d965ccfc6d4b" outcome="Passed" testListId="8c84fa94-04c1-424b-9868-57a2d4851a1d" relativeResultsDirectory="f81c2228-2da0-4fa5-a028-164cf6f87d23" />
    <UnitTestResult executionId="f27d3d59-c43e-4b00-8a37-0a4deab0af1f" testId="80818d08-b5bf-80ca-afa4-a0f81b502722" testName="Aurora.Tests.Tests.SourceRestrictionTreeBuilderTests.ACategoryDrawingOnSeveralPublishersNestsThem" computerName="KAIA" duration="00:00:00.0127512" startTime="2026-09-25T20:13:22.4044593-07:00" endTime="2026-09-25T20:13:22.4172916-07:00" testType="13cdc9d9-ddb5-4fa4-a97d-d965ccfc6d4b" outcome="Passed" testListId="8c84fa94-04c1-424b-9868-57a2d4851a1d" relativeResultsDirectory="f27d3d59-c43e-4b00-8a37-0a4deab0af1f" />
    <UnitTestResult executionId="a78b6bd0-2163-4fda-8807-0f9c4f38c160" testId="9ad5feda-9cca-570a-f39a-717209710375" testName="Aurora.Tests.Tests.ContentFallbackPolicyTests.RuntimeFailureCannotBypassProvisionalOrRetainedDefinitions(retainPrevious: False)" computerName="KAIA" duration="00:00:02.9970030" startTime="2026-09-25T20:13:15.6871034-07:00" endTime="2026-09-25T20:13:18.6833888-07:00" testType="13cdc9d9-ddb5-4fa4-a97d-d965ccfc6d4b" outcome="Passed" testListId="8c84fa94-04c1-424b-9868-57a2d4851a1d" relativeResultsDirectory="a78b6bd0-2163-4fda-8807-0f9c4f38c160" />
    <UnitTestResult executionId="ea38b1cb-597b-4a67-acb0-f8d20b94f72e" testId="c1a6011f-4236-ebcb-37b5-5f40f59c13c9" testName="Aurora.Tests.Tests.ContentSkipReportingTests.SkippingIsOnByDefaultSoARefreshIsNotBlockedByOneBadFile" computerName="KAIA" duration="00:00:00.0001839" startTime="2026-09-25T20:13:22.4026128-07:00" endTime="2026-09-25T20:13:22.4027350-07:00" testType="13cdc9d9-ddb5-4fa4-a97d-d965ccfc6d4b" outcome="Passed" testListId="8c84fa94-04c1-424b-9868-57a2d4851a1d" relativeResultsDirectory="ea38b1cb-597b-4a67-acb0-f8d20b94f72e" />
    <UnitTestResult executionId="1c5abfcc-81d4-4088-bd1e-b4e22d8a3489" testId="6bd5e14f-5e77-50b5-35e9-7f9c1ffc7513" testName="Aurora.Tests.Tests.ContentFallbackPolicyTests.PersistedExclusionsBlockRawFallbackEvenWithoutUnavailableIds(kind: &quot;unreadable&quot;)" computerName="KAIA" duration="00:00:00.0152328" startTime="2026-09-25T20:13:11.4380427-07:00" endTime="2026-09-25T20:13:11.4532251-07:00" testType="13cdc9d9-ddb5-4fa4-a97d-d965ccfc6d4b" outcome="Passed" testListId="8c84fa94-04c1-424b-9868-57a2d4851a1d" relativeResultsDirectory="1c5abfcc-81d4-4088-bd1e-b4e22d8a3489" />
    <UnitTestResult executionId="6d5e4a1e-8a4e-4f3d-8f2a-00cb015fce87" testId="13df6f03-e8ae-98a6-8832-570baf782ef7" testName="Aurora.Tests.Tests.SourceRestrictionTreeBuilderTests.CategoriesComeFirstInReadingOrder" computerName="KAIA" duration="00:00:00.0002323" startTime="2026-09-25T20:13:22.4200805-07:00" endTime="2026-09-25T20:13:22.4202412-07:00" testType="13cdc9d9-ddb5-4fa4-a97d-d965ccfc6d4b" outcome="Passed" testListId="8c84fa94-04c1-424b-9868-57a2d4851a1d" relativeResultsDirectory="6d5e4a1e-8a4e-4f3d-8f2a-00cb015fce87" />
    <UnitTestResult executionId="94c3150a-ff95-4b60-b1ad-f5d7ef260414" testId="eaa2f0f3-1584-03b0-6765-2a0745d32bb4" testName="Aurora.Tests.Tests.SourceRestrictionsEditorTests.FilteringByCategoryShowsEveryPublisherAndBookBelowIt" computerName="KAIA" duration="00:00:00.0057026" startTime="2026-09-25T20:13:22.8054224-07:00" endTime="2026-09-25T20:13:22.8110562-07:00" testType="13cdc9d9-ddb5-4fa4-a97d-d965ccfc6d4b" outcome="Passed" testListId="8c84fa94-04c1-424b-9868-57a2d4851a1d" relativeResultsDirectory="94c3150a-ff95-4b60-b1ad-f5d7ef260414" />
    <UnitTestResult executionId="226b6448-eeb8-4bad-ba3c-5fca6968f562" testId="8f129fe2-718d-3ba5-64ea-fc4033c6cc46" testName="Aurora.Tests.Tests.SourceRestrictionTreeBuilderTests.ACategoryIsMixedWhenOnlySomeOfItsSourcesAreEnabled" computerName="KAIA" duration="00:00:00.0018246" startTime="2026-09-25T20:13:22.4174324-07:00" endTime="2026-09-25T20:13:22.4191749-07:00" testType="13cdc9d9-ddb5-4fa4-a97d-d965ccfc6d4b" outcome="Passed" testListId="8c84fa94-04c1-424b-9868-57a2d4851a1d" relativeResultsDirectory="226b6448-eeb8-4bad-ba3c-5fca6968f562" />
    <UnitTestResult executionId="0c95a335-ba92-4639-8ca4-8ef3dc22629d" testId="6f9d6385-7501-9832-117e-b4006b086d14" testName="Aurora.Tests.Tests.ContentSkipReportingTests.WhatCouldBeReadIsStillImported" computerName="KAIA" duration="00:00:01.2089391" startTime="2026-09-25T20:13:21.1936354-07:00" endTime="2026-09-25T20:13:22.4024486-07:00" testType="13cdc9d9-ddb5-4fa4-a97d-d965ccfc6d4b" outcome="Passed" testListId="8c84fa94-04c1-424b-9868-57a2d4851a1d" relativeResultsDirectory="0c95a335-ba92-4639-8ca4-8ef3dc22629d" />
    <UnitTestResult executionId="785e5375-abab-4942-b5b9-e93bf58a92bb" testId="c5526f8e-be69-2d37-a31d-b1e3b085881d" testName="Aurora.Tests.Tests.ContentUnavailableReportingTests.MissingDatabaseDoesNotBlockRawFallback" computerName="KAIA" duration="00:00:00.0013795" startTime="2026-09-25T20:13:24.7839427-07:00" endTime="2026-09-25T20:13:24.7852755-07:00" testType="13cdc9d9-ddb5-4fa4-a97d-d965ccfc6d4b" outcome="Passed" testListId="8c84fa94-04c1-424b-9868-57a2d4851a1d" relativeResultsDirectory="785e5375-abab-4942-b5b9-e93bf58a92bb" />
    <UnitTestResult executionId="95a245a3-553c-4010-ad63-9c1074b5dc59" testId="3af94c28-471d-f98b-fdbf-f94263add2d7" testName="Aurora.Tests.Tests.SourceRestrictionsEditorTests.ExpandingACategoryRevealsItsPublishersAndThenItsBooks" computerName="KAIA" duration="00:00:00.0119839" startTime="2026-09-25T20:13:22.8197434-07:00" endTime="2026-09-25T20:13:22.8317356-07:00" testType="13cdc9d9-ddb5-4fa4-a97d-d965ccfc6d4b" outcome="Passed" testListId="8c84fa94-04c1-424b-9868-57a2d4851a1d" relativeResultsDirectory="95a245a3-553c-4010-ad63-9c1074b5dc59" />
    <UnitTestResult executionId="bc28b983-cc4d-4373-8a5e-267859044263" testId="4fe7a012-a553-529a-9ddc-f62b0a81f5df" testName="Aurora.Tests.Tests.SourceRestrictionsEditorTests.ACategoryWithOnePublisherShowsItsBooksDirectly" computerName="KAIA" duration="00:00:00.0027188" startTime="2026-09-25T20:13:22.8414355-07:00" endTime="2026-09-25T20:13:22.8440955-07:00" testType="13cdc9d9-ddb5-4fa4-a97d-d965ccfc6d4b" outcome="Passed" testListId="8c84fa94-04c1-424b-9868-57a2d4851a1d" relativeResultsDirectory="bc28b983-cc4d-4373-8a5e-267859044263" />
    <UnitTestResult executionId="7fc2d929-7fdf-497b-9bc3-f8067bc83b65" testId="98f1695c-552e-9883-e164-7951dc14829c" testName="Aurora.Tests.Tests.SourceRestrictionsEditorTests.ABookCanBeToggledOnItsOwn" computerName="KAIA" duration="00:00:00.0038928" startTime="2026-09-25T20:13:22.8485935-07:00" endTime="2026-09-25T20:13:22.8524339-07:00" testType="13cdc9d9-ddb5-4fa4-a97d-d965ccfc6d4b" outcome="Passed" testListId="8c84fa94-04c1-424b-9868-57a2d4851a1d" relativeResultsDirectory="7fc2d929-7fdf-497b-9bc3-f8067bc83b65" />
  </Results>
  <TestDefinitions>
    <UnitTest name="Aurora.Tests.Tests.ContentUnavailableReportingTests.OlderDatabaseWithoutUnavailableDefinitionsDoesNotBlockRawFallback" storage="c:\users\ralla\source\repos\aurora-lights\aurora.tests\bin\debug\net10.0\aurora.tests.dll" id="1e2407cb-8df5-795d-dad0-41be9ce6d28c">
      <Execution id="af354b06-f5c7-4746-b445-e2dfb86de16b" />
      <TestMethod codeBase="C:\Users\Ralla\source\repos\Aurora-Lights\Aurora.Tests\bin\Debug\net10.0\Aurora.Tests.dll" adapterTypeName="executor://xunit/VsTestRunner3/netcore/" className="Aurora.Tests.Tests.ContentUnavailableReportingTests" name="OlderDatabaseWithoutUnavailableDefinitionsDoesNotBlockRawFallback" />
    </UnitTest>
    <UnitTest name="Aurora.Tests.Tests.ContentFallbackPolicyTests.ClassificationNoticeAloneDoesNotBlockRawFallback" storage="c:\users\ralla\source\repos\aurora-lights\aurora.tests\bin\debug\net10.0\aurora.tests.dll" id="330f1c2d-3ca2-29b8-3bc0-7ada9afd810b">
      <Execution id="df4d3a86-d67b-4e71-809f-bb3ead722c13" />
      <TestMethod codeBase="C:\Users\Ralla\source\repos\Aurora-Lights\Aurora.Tests\bin\Debug\net10.0\Aurora.Tests.dll" adapterTypeName="executor://xunit/VsTestRunner3/netcore/" className="Aurora.Tests.Tests.ContentFallbackPolicyTests" name="ClassificationNoticeAloneDoesNotBlockRawFallback" />
    </UnitTest>
    <UnitTest name="Aurora.Tests.Tests.SourceRestrictionsEditorTests.ACategoryWithOnePublisherShowsItsBooksDirectly" storage="c:\users\ralla\source\repos\aurora-lights\aurora.tests\bin\debug\net10.0\aurora.tests.dll" id="4fe7a012-a553-529a-9ddc-f62b0a81f5df">
      <Execution id="bc28b983-cc4d-4373-8a5e-267859044263" />
      <TestMethod codeBase="C:\Users\Ralla\source\repos\Aurora-Lights\Aurora.Tests\bin\Debug\net10.0\Aurora.Tests.dll" adapterTypeName="executor://xunit/VsTestRunner3/netcore/" className="Aurora.Tests.Tests.SourceRestrictionsEditorTests" name="ACategoryWithOnePublisherShowsItsBooksDirectly" />
    </UnitTest>
    <UnitTest name="Aurora.Tests.Tests.ContentUnavailableReportingTests.FullDatabaseLoadDoesNotRestoreUnavailableBuiltinsUserXmlOrGeneratedElements" storage="c:\users\ralla\source\repos\aurora-lights\aurora.tests\bin\debug\net10.0\aurora.tests.dll" id="80dcb568-338f-7130-f606-68445280a269">
      <Execution id="ff80a1aa-91f6-4d65-8292-e059ba6861c5" />
      <TestMethod codeBase="C:\Users\Ralla\source\repos\Aurora-Lights\Aurora.Tests\bin\Debug\net10.0\Aurora.Tests.dll" adapterTypeName="executor://xunit/VsTestRunner3/netcore/" className="Aurora.Tests.Tests.ContentUnavailableReportingTests" name="FullDatabaseLoadDoesNotRestoreUnavailableBuiltinsUserXmlOrGeneratedElements" />
    </UnitTest>
    <UnitTest name="Aurora.Tests.Tests.ContentSkipReportingTests.ARefreshReportsTheFilesItLeftOut" storage="c:\users\ralla\source\repos\aurora-lights\aurora.tests\bin\debug\net10.0\aurora.tests.dll" id="9183fe3f-09c8-e0c3-8473-1765093c64fd">
      <Execution id="2291a41a-f6ed-467b-95cf-e715cecee318" />
      <TestMethod codeBase="C:\Users\Ralla\source\repos\Aurora-Lights\Aurora.Tests\bin\Debug\net10.0\Aurora.Tests.dll" adapterTypeName="executor://xunit/VsTestRunner3/netcore/" className="Aurora.Tests.Tests.ContentSkipReportingTests" name="ARefreshReportsTheFilesItLeftOut" />
    </UnitTest>
    <UnitTest name="Aurora.Tests.Tests.ContentSkipReportingTests.WhatCouldBeReadIsStillImported" storage="c:\users\ralla\source\repos\aurora-lights\aurora.tests\bin\debug\net10.0\aurora.tests.dll" id="6f9d6385-7501-9832-117e-b4006b086d14">
      <Execution id="0c95a335-ba92-4639-8ca4-8ef3dc22629d" />
      <TestMethod codeBase="C:\Users\Ralla\source\repos\Aurora-Lights\Aurora.Tests\bin\Debug\net10.0\Aurora.Tests.dll" adapterTypeName="executor://xunit/VsTestRunner3/netcore/" className="Aurora.Tests.Tests.ContentSkipReportingTests" name="WhatCouldBeReadIsStillImported" />
    </UnitTest>
    <UnitTest name="Aurora.Tests.Tests.SourceRestrictionsEditorTests.TogglingAPublisherSendsOnlyThatPublishersSources" storage="c:\users\ralla\source\repos\aurora-lights\aurora.tests\bin\debug\net10.0\aurora.tests.dll" id="1b22609c-3aa1-21c9-92e6-521740904cb4">
      <Execution id="47d85feb-55aa-48ba-bab2-db133c7eaa91" />
      <TestMethod codeBase="C:\Users\Ralla\source\repos\Aurora-Lights\Aurora.Tests\bin\Debug\net10.0\Aurora.Tests.dll" adapterTypeName="executor://xunit/VsTestRunner3/netcore/" className="Aurora.Tests.Tests.SourceRestrictionsEditorTests" name="TogglingAPublisherSendsOnlyThatPublishersSources" />
    </UnitTest>
    <UnitTest name="Aurora.Tests.Tests.SourceRestrictionsEditorTests.AFullyEnabledCategoryTurnsItselfOff" storage="c:\users\ralla\source\repos\aurora-lights\aurora.tests\bin\debug\net10.0\aurora.tests.dll" id="73ea55e3-6a21-1ed4-e052-a36b5bd20f08">
      <Execution id="2fc5fe29-b860-4815-a405-694ecf344e21" />
      <TestMethod codeBase="C:\Users\Ralla\source\repos\Aurora-Lights\Aurora.Tests\bin\Debug\net10.0\Aurora.Tests.dll" adapterTypeName="executor://xunit/VsTestRunner3/netcore/" className="Aurora.Tests.Tests.SourceRestrictionsEditorTests" name="AFullyEnabledCategoryTurnsItselfOff" />
    </UnitTest>
    <UnitTest name="Aurora.Tests.Tests.ContentSkipReportingTests.TheRefreshSummarySaysWhenFilesNeedAttention" storage="c:\users\ralla\source\repos\aurora-lights\aurora.tests\bin\debug\net10.0\aurora.tests.dll" id="9b90017e-b8b1-9aea-caf6-fc81fb97d750">
      <Execution id="be02b9b0-878e-4ba1-9f67-a25e9bdec7f7" />
      <TestMethod codeBase="C:\Users\Ralla\source\repos\Aurora-Lights\Aurora.Tests\bin\Debug\net10.0\Aurora.Tests.dll" adapterTypeName="executor://xunit/VsTestRunner3/netcore/" className="Aurora.Tests.Tests.ContentSkipReportingTests" name="TheRefreshSummarySaysWhenFilesNeedAttention" />
    </UnitTest>
    <UnitTest name="Aurora.Tests.Tests.SourceRestrictionsEditorTests.FilteringByPublisherShowsItsBooksAndCategory(query: &quot;Wizards of the Coast&quot;)" storage="c:\users\ralla\source\repos\aurora-lights\aurora.tests\bin\debug\net10.0\aurora.tests.dll" id="16edb4ff-a7da-e5be-5b2e-9daf55125c11">
      <Execution id="023fd340-d2b2-4086-a524-463e031d1390" />
      <TestMethod codeBase="C:\Users\Ralla\source\repos\Aurora-Lights\Aurora.Tests\bin\Debug\net10.0\Aurora.Tests.dll" adapterTypeName="executor://xunit/VsTestRunner3/netcore/" className="Aurora.Tests.Tests.SourceRestrictionsEditorTests" name="FilteringByPublisherShowsItsBooksAndCategory" />
    </UnitTest>
    <UnitTest name="Aurora.Tests.Tests.SourceRestrictionsEditorTests.ABookCanBeToggledOnItsOwn" storage="c:\users\ralla\source\repos\aurora-lights\aurora.tests\bin\debug\net10.0\aurora.tests.dll" id="98f1695c-552e-9883-e164-7951dc14829c">
      <Execution id="7fc2d929-7fdf-497b-9bc3-f8067bc83b65" />
      <TestMethod codeBase="C:\Users\Ralla\source\repos\Aurora-Lights\Aurora.Tests\bin\Debug\net10.0\Aurora.Tests.dll" adapterTypeName="executor://xunit/VsTestRunner3/netcore/" className="Aurora.Tests.Tests.SourceRestrictionsEditorTests" name="ABookCanBeToggledOnItsOwn" />
    </UnitTest>
    <UnitTest name="Aurora.Tests.Tests.SourceRestrictionTreeBuilderTests.SourcesWithNoRulesContextStillGetAHome" storage="c:\users\ralla\source\repos\aurora-lights\aurora.tests\bin\debug\net10.0\aurora.tests.dll" id="b48d7164-af6a-4b35-e0d2-470ea442f52c">
      <Execution id="bf9ab632-d78d-49b3-b44c-99c8dd959dd3" />
      <TestMethod codeBase="C:\Users\Ralla\source\repos\Aurora-Lights\Aurora.Tests\bin\Debug\net10.0\Aurora.Tests.dll" adapterTypeName="executor://xunit/VsTestRunner3/netcore/" className="Aurora.Tests.Tests.SourceRestrictionTreeBuilderTests" name="SourcesWithNoRulesContextStillGetAHome" />
    </UnitTest>
    <UnitTest name="Aurora.Tests.Tests.ContentFallbackPolicyTests.PersistedExclusionsBlockRawFallbackEvenWithoutUnavailableIds(kind: &quot;definition-collision&quot;)" storage="c:\users\ralla\source\repos\aurora-lights\aurora.tests\bin\debug\net10.0\aurora.tests.dll" id="90442827-b214-dae0-2af3-7cfff0d21fe7">
      <Execution id="7827f51f-491d-41bf-be4d-989cae24b78c" />
      <TestMethod codeBase="C:\Users\Ralla\source\repos\Aurora-Lights\Aurora.Tests\bin\Debug\net10.0\Aurora.Tests.dll" adapterTypeName="executor://xunit/VsTestRunner3/netcore/" className="Aurora.Tests.Tests.ContentFallbackPolicyTests" name="PersistedExclusionsBlockRawFallbackEvenWithoutUnavailableIds" />
    </UnitTest>
    <UnitTest name="Aurora.Tests.Tests.ContentFallbackPolicyTests.PersistedExclusionsBlockRawFallbackEvenWithoutUnavailableIds(kind: &quot;correction&quot;)" storage="c:\users\ralla\source\repos\aurora-lights\aurora.tests\bin\debug\net10.0\aurora.tests.dll" id="39e20706-3a37-3ae2-9592-74868b1402aa">
      <Execution id="9638f43d-bf99-4249-b6a8-a1948e96f0f1" />
      <TestMethod codeBase="C:\Users\Ralla\source\repos\Aurora-Lights\Aurora.Tests\bin\Debug\net10.0\Aurora.Tests.dll" adapterTypeName="executor://xunit/VsTestRunner3/netcore/" className="Aurora.Tests.Tests.ContentFallbackPolicyTests" name="PersistedExclusionsBlockRawFallbackEvenWithoutUnavailableIds" />
    </UnitTest>
    <UnitTest name="Aurora.Tests.Tests.SourceRestrictionTreeBuilderTests.ACategoryWithOnePublisherSkipsThatLevel" storage="c:\users\ralla\source\repos\aurora-lights\aurora.tests\bin\debug\net10.0\aurora.tests.dll" id="76b9e12e-f20a-38e8-7b4e-0c5a6ffa7667">
      <Execution id="64f51a1f-ce42-4747-82d4-4bd84b7255b0" />
      <TestMethod codeBase="C:\Users\Ralla\source\repos\Aurora-Lights\Aurora.Tests\bin\Debug\net10.0\Aurora.Tests.dll" adapterTypeName="executor://xunit/VsTestRunner3/netcore/" className="Aurora.Tests.Tests.SourceRestrictionTreeBuilderTests" name="ACategoryWithOnePublisherSkipsThatLevel" />
    </UnitTest>
    <UnitTest name="Aurora.Tests.Tests.ContentUnavailableReportingTests.UnavailableIdsPreventRawFallbackFromUndoingTheImportDecision" storage="c:\users\ralla\source\repos\aurora-lights\aurora.tests\bin\debug\net10.0\aurora.tests.dll" id="5259b302-c705-3cbc-d1a9-f15931292b2b">
      <Execution id="fc855e59-ccdd-48cc-804f-754b5a7d0e72" />
      <TestMethod codeBase="C:\Users\Ralla\source\repos\Aurora-Lights\Aurora.Tests\bin\Debug\net10.0\Aurora.Tests.dll" adapterTypeName="executor://xunit/VsTestRunner3/netcore/" className="Aurora.Tests.Tests.ContentUnavailableReportingTests" name="UnavailableIdsPreventRawFallbackFromUndoingTheImportDecision" />
    </UnitTest>
    <UnitTest name="Aurora.Tests.Tests.SourceRestrictionTreeBuilderTests.CountsDescribeWhatIsEnabledBeneathTheNode" storage="c:\users\ralla\source\repos\aurora-lights\aurora.tests\bin\debug\net10.0\aurora.tests.dll" id="9ead0ad9-911e-c3c5-7301-627a6274b5d3">
      <Execution id="6b54d603-12e1-4cf2-8693-62066c5bb0f7" />
      <TestMethod codeBase="C:\Users\Ralla\source\repos\Aurora-Lights\Aurora.Tests\bin\Debug\net10.0\Aurora.Tests.dll" adapterTypeName="executor://xunit/VsTestRunner3/netcore/" className="Aurora.Tests.Tests.SourceRestrictionTreeBuilderTests" name="CountsDescribeWhatIsEnabledBeneathTheNode" />
    </UnitTest>
    <UnitTest name="Aurora.Tests.Tests.SourceRestrictionsEditorTests.FilteringByPublisherShowsItsBooksAndCategory(query: &quot;  wizards OF THE coast  &quot;)" storage="c:\users\ralla\source\repos\aurora-lights\aurora.tests\bin\debug\net10.0\aurora.tests.dll" id="d151edec-8c50-2bb0-97f9-5d043c546855">
      <Execution id="b44b8b4c-5bf7-4df2-9c12-9c1a55ce98e4" />
      <TestMethod codeBase="C:\Users\Ralla\source\repos\Aurora-Lights\Aurora.Tests\bin\Debug\net10.0\Aurora.Tests.dll" adapterTypeName="executor://xunit/VsTestRunner3/netcore/" className="Aurora.Tests.Tests.SourceRestrictionsEditorTests" name="FilteringByPublisherShowsItsBooksAndCategory" />
    </UnitTest>
    <UnitTest name="Aurora.Tests.Tests.SourceRestrictionsEditorTests.AMixedCategoryReportsItselfAsMixed" storage="c:\users\ralla\source\repos\aurora-lights\aurora.tests\bin\debug\net10.0\aurora.tests.dll" id="1b1a9f85-56a7-6968-9a1e-15d9f969f8fb">
      <Execution id="17d45676-7ca5-49b7-bad1-57af6c08efe7" />
      <TestMethod codeBase="C:\Users\Ralla\source\repos\Aurora-Lights\Aurora.Tests\bin\Debug\net10.0\Aurora.Tests.dll" adapterTypeName="executor://xunit/VsTestRunner3/netcore/" className="Aurora.Tests.Tests.SourceRestrictionsEditorTests" name="AMixedCategoryReportsItselfAsMixed" />
    </UnitTest>
    <UnitTest name="Aurora.Tests.Tests.SourceRestrictionTreeBuilderTests.APublisherThatSpansTwoErasAppearsUnderBoth" storage="c:\users\ralla\source\repos\aurora-lights\aurora.tests\bin\debug\net10.0\aurora.tests.dll" id="2795c8ed-a38a-8402-91a7-8a7aabf55a8c">
      <Execution id="66723970-e0ad-44a7-be6b-c8c22b529a0d" />
      <TestMethod codeBase="C:\Users\Ralla\source\repos\Aurora-Lights\Aurora.Tests\bin\Debug\net10.0\Aurora.Tests.dll" adapterTypeName="executor://xunit/VsTestRunner3/netcore/" className="Aurora.Tests.Tests.SourceRestrictionTreeBuilderTests" name="APublisherThatSpansTwoErasAppearsUnderBoth" />
    </UnitTest>
    <UnitTest name="Aurora.Tests.Tests.SourceRestrictionsEditorTests.FilteringOpensWhatItFindsAndHidesTheRest" storage="c:\users\ralla\source\repos\aurora-lights\aurora.tests\bin\debug\net10.0\aurora.tests.dll" id="dada10b9-9406-82a0-1dc5-bfbb9fc166ad">
      <Execution id="693776c3-c049-47f2-8de1-483369f060e5" />
      <TestMethod codeBase="C:\Users\Ralla\source\repos\Aurora-Lights\Aurora.Tests\bin\Debug\net10.0\Aurora.Tests.dll" adapterTypeName="executor://xunit/VsTestRunner3/netcore/" className="Aurora.Tests.Tests.SourceRestrictionsEditorTests" name="FilteringOpensWhatItFindsAndHidesTheRest" />
    </UnitTest>
    <UnitTest name="Aurora.Tests.Tests.ContentUnavailableReportingTests.MissingDatabaseDoesNotBlockRawFallback" storage="c:\users\ralla\source\repos\aurora-lights\aurora.tests\bin\debug\net10.0\aurora.tests.dll" id="c5526f8e-be69-2d37-a31d-b1e3b085881d">
      <Execution id="785e5375-abab-4942-b5b9-e93bf58a92bb" />
      <TestMethod codeBase="C:\Users\Ralla\source\repos\Aurora-Lights\Aurora.Tests\bin\Debug\net10.0\Aurora.Tests.dll" adapterTypeName="executor://xunit/VsTestRunner3/netcore/" className="Aurora.Tests.Tests.ContentUnavailableReportingTests" name="MissingDatabaseDoesNotBlockRawFallback" />
    </UnitTest>
    <UnitTest name="Aurora.Tests.Tests.SourceRestrictionsEditorTests.AFilterThatMatchesNothingSaysSo" storage="c:\users\ralla\source\repos\aurora-lights\aurora.tests\bin\debug\net10.0\aurora.tests.dll" id="6d22cd25-0654-f79a-f69d-ff5ecebaf9ab">
      <Execution id="85fcc1dd-8f87-4457-aebb-f7aff010fffe" />
      <TestMethod codeBase="C:\Users\Ralla\source\repos\Aurora-Lights\Aurora.Tests\bin\Debug\net10.0\Aurora.Tests.dll" adapterTypeName="executor://xunit/VsTestRunner3/netcore/" className="Aurora.Tests.Tests.SourceRestrictionsEditorTests" name="AFilterThatMatchesNothingSaysSo" />
    </UnitTest>
    <UnitTest name="Aurora.Tests.Tests.SourceRestrictionTreeBuilderTests.CategoriesComeFirstInReadingOrder" storage="c:\users\ralla\source\repos\aurora-lights\aurora.tests\bin\debug\net10.0\aurora.tests.dll" id="13df6f03-e8ae-98a6-8832-570baf782ef7">
      <Execution id="6d5e4a1e-8a4e-4f3d-8f2a-00cb015fce87" />
      <TestMethod codeBase="C:\Users\Ralla\source\repos\Aurora-Lights\Aurora.Tests\bin\Debug\net10.0\Aurora.Tests.dll" adapterTypeName="executor://xunit/VsTestRunner3/netcore/" className="Aurora.Tests.Tests.SourceRestrictionTreeBuilderTests" name="CategoriesComeFirstInReadingOrder" />
    </UnitTest>
    <UnitTest name="Aurora.Tests.Tests.ContentFallbackPolicyTests.PersistedExclusionsBlockRawFallbackEvenWithoutUnavailableIds(kind: &quot;conflict&quot;)" storage="c:\users\ralla\source\repos\aurora-lights\aurora.tests\bin\debug\net10.0\aurora.tests.dll" id="4f6bde2e-308b-4e2b-1acf-a6cebabf88b6">
      <Execution id="e47d9a26-bb49-41f1-99be-a424041593ba" />
      <TestMethod codeBase="C:\Users\Ralla\source\repos\Aurora-Lights\Aurora.Tests\bin\Debug\net10.0\Aurora.Tests.dll" adapterTypeName="executor://xunit/VsTestRunner3/netcore/" className="Aurora.Tests.Tests.ContentFallbackPolicyTests" name="PersistedExclusionsBlockRawFallbackEvenWithoutUnavailableIds" />
    </UnitTest>
    <UnitTest name="Aurora.Tests.Tests.ContentFallbackPolicyTests.PersistedExclusionsBlockRawFallbackEvenWithoutUnavailableIds(kind: &quot;superseded-definition&quot;)" storage="c:\users\ralla\source\repos\aurora-lights\aurora.tests\bin\debug\net10.0\aurora.tests.dll" id="adba412f-aa12-4772-ac60-675d6ee3c979">
      <Execution id="43db8fe3-28d0-4414-8226-487c68e6f0ce" />
      <TestMethod codeBase="C:\Users\Ralla\source\repos\Aurora-Lights\Aurora.Tests\bin\Debug\net10.0\Aurora.Tests.dll" adapterTypeName="executor://xunit/VsTestRunner3/netcore/" className="Aurora.Tests.Tests.ContentFallbackPolicyTests" name="PersistedExclusionsBlockRawFallbackEvenWithoutUnavailableIds" />
    </UnitTest>
    <UnitTest name="Aurora.Tests.Tests.ContentFallbackPolicyTests.PersistedExclusionsBlockRawFallbackEvenWithoutUnavailableIds(kind: &quot;append&quot;)" storage="c:\users\ralla\source\repos\aurora-lights\aurora.tests\bin\debug\net10.0\aurora.tests.dll" id="bb10c825-2da4-45ad-572a-e7f7aff7f76f">
      <Execution id="981f22b9-5fae-44bd-ac8f-a75983e9973d" />
      <TestMethod codeBase="C:\Users\Ralla\source\repos\Aurora-Lights\Aurora.Tests\bin\Debug\net10.0\Aurora.Tests.dll" adapterTypeName="executor://xunit/VsTestRunner3/netcore/" className="Aurora.Tests.Tests.ContentFallbackPolicyTests" name="PersistedExclusionsBlockRawFallbackEvenWithoutUnavailableIds" />
    </UnitTest>
    <UnitTest name="Aurora.Tests.Tests.ContentSkipReportingTests.ADatabaseWithNothingSkippedReportsNothing" storage="c:\users\ralla\source\repos\aurora-lights\aurora.tests\bin\debug\net10.0\aurora.tests.dll" id="c415bce2-2437-a1a9-c54a-6cd44f8807f3">
      <Execution id="3b517a0a-74ef-48bd-a57e-30d9460739e2" />
      <TestMethod codeBase="C:\Users\Ralla\source\repos\Aurora-Lights\Aurora.Tests\bin\Debug\net10.0\Aurora.Tests.dll" adapterTypeName="executor://xunit/VsTestRunner3/netcore/" className="Aurora.Tests.Tests.ContentSkipReportingTests" name="ADatabaseWithNothingSkippedReportsNothing" />
    </UnitTest>
    <UnitTest name="Aurora.Tests.Tests.SourceRestrictionTreeBuilderTests.ACategoryIsMixedWhenOnlySomeOfItsSourcesAreEnabled" storage="c:\users\ralla\source\repos\aurora-lights\aurora.tests\bin\debug\net10.0\aurora.tests.dll" id="8f129fe2-718d-3ba5-64ea-fc4033c6cc46">
      <Execution id="226b6448-eeb8-4bad-ba3c-5fca6968f562" />
      <TestMethod codeBase="C:\Users\Ralla\source\repos\Aurora-Lights\Aurora.Tests\bin\Debug\net10.0\Aurora.Tests.dll" adapterTypeName="executor://xunit/VsTestRunner3/netcore/" className="Aurora.Tests.Tests.SourceRestrictionTreeBuilderTests" name="ACategoryIsMixedWhenOnlySomeOfItsSourcesAreEnabled" />
    </UnitTest>
    <UnitTest name="Aurora.Tests.Tests.SourceRestrictionsEditorTests.FilteringDoesNotChangeCategoryCountsOrBulkToggleScope" storage="c:\users\ralla\source\repos\aurora-lights\aurora.tests\bin\debug\net10.0\aurora.tests.dll" id="c56ed313-d337-d02f-ef1c-7bc544640c99">
      <Execution id="3df7996f-010a-42cb-a487-399299dfb9e5" />
      <TestMethod codeBase="C:\Users\Ralla\source\repos\Aurora-Lights\Aurora.Tests\bin\Debug\net10.0\Aurora.Tests.dll" adapterTypeName="executor://xunit/VsTestRunner3/netcore/" className="Aurora.Tests.Tests.SourceRestrictionsEditorTests" name="FilteringDoesNotChangeCategoryCountsOrBulkToggleScope" />
    </UnitTest>
    <UnitTest name="Aurora.Tests.Tests.ContentFallbackPolicyTests.RuntimeFailureCannotBypassProvisionalOrRetainedDefinitions(retainPrevious: False)" storage="c:\users\ralla\source\repos\aurora-lights\aurora.tests\bin\debug\net10.0\aurora.tests.dll" id="9ad5feda-9cca-570a-f39a-717209710375">
      <Execution id="a78b6bd0-2163-4fda-8807-0f9c4f38c160" />
      <TestMethod codeBase="C:\Users\Ralla\source\repos\Aurora-Lights\Aurora.Tests\bin\Debug\net10.0\Aurora.Tests.dll" adapterTypeName="executor://xunit/VsTestRunner3/netcore/" className="Aurora.Tests.Tests.ContentFallbackPolicyTests" name="RuntimeFailureCannotBypassProvisionalOrRetainedDefinitions" />
    </UnitTest>
    <UnitTest name="Aurora.Tests.Tests.ContentFallbackPolicyTests.RuntimeFailureCannotBypassProvisionalOrRetainedDefinitions(retainPrevious: True)" storage="c:\users\ralla\source\repos\aurora-lights\aurora.tests\bin\debug\net10.0\aurora.tests.dll" id="574f9084-bd79-f342-46b3-12150ac8a44c">
      <Execution id="6a92dbc5-33a8-49f1-ad89-e21403e5162d" />
      <TestMethod codeBase="C:\Users\Ralla\source\repos\Aurora-Lights\Aurora.Tests\bin\Debug\net10.0\Aurora.Tests.dll" adapterTypeName="executor://xunit/VsTestRunner3/netcore/" className="Aurora.Tests.Tests.ContentFallbackPolicyTests" name="RuntimeFailureCannotBypassProvisionalOrRetainedDefinitions" />
    </UnitTest>
    <UnitTest name="Aurora.Tests.Tests.SourceRestrictionsEditorTests.ClearingTheFilterRestoresManualExpansions" storage="c:\users\ralla\source\repos\aurora-lights\aurora.tests\bin\debug\net10.0\aurora.tests.dll" id="42c1a4b0-0432-60bb-f992-74e8859181bc">
      <Execution id="dfbdd8ef-556b-4d2f-b6b4-fe5d4aa8dc76" />
      <TestMethod codeBase="C:\Users\Ralla\source\repos\Aurora-Lights\Aurora.Tests\bin\Debug\net10.0\Aurora.Tests.dll" adapterTypeName="executor://xunit/VsTestRunner3/netcore/" className="Aurora.Tests.Tests.SourceRestrictionsEditorTests" name="ClearingTheFilterRestoresManualExpansions" />
    </UnitTest>
    <UnitTest name="Aurora.Tests.Tests.SourceRestrictionsEditorTests.ExpandingACategoryRevealsItsPublishersAndThenItsBooks" storage="c:\users\ralla\source\repos\aurora-lights\aurora.tests\bin\debug\net10.0\aurora.tests.dll" id="3af94c28-471d-f98b-fdbf-f94263add2d7">
      <Execution id="95a245a3-553c-4010-ad63-9c1074b5dc59" />
      <TestMethod codeBase="C:\Users\Ralla\source\repos\Aurora-Lights\Aurora.Tests\bin\Debug\net10.0\Aurora.Tests.dll" adapterTypeName="executor://xunit/VsTestRunner3/netcore/" className="Aurora.Tests.Tests.SourceRestrictionsEditorTests" name="ExpandingACategoryRevealsItsPublishersAndThenItsBooks" />
    </UnitTest>
    <UnitTest name="Aurora.Tests.Tests.ContentFallbackPolicyTests.PersistedExclusionsBlockRawFallbackEvenWithoutUnavailableIds(kind: &quot;unknown-future-exclusion&quot;)" storage="c:\users\ralla\source\repos\aurora-lights\aurora.tests\bin\debug\net10.0\aurora.tests.dll" id="5d7ace40-9f32-bff4-6872-eb1531a11834">
      <Execution id="f81c2228-2da0-4fa5-a028-164cf6f87d23" />
      <TestMethod codeBase="C:\Users\Ralla\source\repos\Aurora-Lights\Aurora.Tests\bin\Debug\net10.0\Aurora.Tests.dll" adapterTypeName="executor://xunit/VsTestRunner3/netcore/" className="Aurora.Tests.Tests.ContentFallbackPolicyTests" name="PersistedExclusionsBlockRawFallbackEvenWithoutUnavailableIds" />
    </UnitTest>
    <UnitTest name="Aurora.Tests.Tests.ContentFallbackPolicyTests.PersistedExclusionsBlockRawFallbackEvenWithoutUnavailableIds(kind: &quot;definition-conflict&quot;)" storage="c:\users\ralla\source\repos\aurora-lights\aurora.tests\bin\debug\net10.0\aurora.tests.dll" id="eda5bc7c-2869-83ae-c9e7-00f8701cdbde">
      <Execution id="4450bbdf-7d1d-414e-b0e1-92381c0090db" />
      <TestMethod codeBase="C:\Users\Ralla\source\repos\Aurora-Lights\Aurora.Tests\bin\Debug\net10.0\Aurora.Tests.dll" adapterTypeName="executor://xunit/VsTestRunner3/netcore/" className="Aurora.Tests.Tests.ContentFallbackPolicyTests" name="PersistedExclusionsBlockRawFallbackEvenWithoutUnavailableIds" />
    </UnitTest>
    <UnitTest name="Aurora.Tests.Tests.SourceRestrictionsEditorTests.TheTreeStartsCollapsedWithACategoryPerRulesContext" storage="c:\users\ralla\source\repos\aurora-lights\aurora.tests\bin\debug\net10.0\aurora.tests.dll" id="34c56147-0558-ee74-ab94-c73b31c10e06">
      <Execution id="b3dd573e-41ba-4930-b5a5-6f4d92033c0e" />
      <TestMethod codeBase="C:\Users\Ralla\source\repos\Aurora-Lights\Aurora.Tests\bin\Debug\net10.0\Aurora.Tests.dll" adapterTypeName="executor://xunit/VsTestRunner3/netcore/" className="Aurora.Tests.Tests.SourceRestrictionsEditorTests" name="TheTreeStartsCollapsedWithACategoryPerRulesContext" />
    </UnitTest>
    <UnitTest name="Aurora.Tests.Tests.SourceRestrictionTreeBuilderTests.RequiredSourcesAreLeftOutOfTheCategoryTheyWouldOtherwiseJoin" storage="c:\users\ralla\source\repos\aurora-lights\aurora.tests\bin\debug\net10.0\aurora.tests.dll" id="59eef54e-3de5-633b-8274-926ea6868b39">
      <Execution id="b7f31ac7-5b70-4d7d-a911-6940738a85a0" />
      <TestMethod codeBase="C:\Users\Ralla\source\repos\Aurora-Lights\Aurora.Tests\bin\Debug\net10.0\Aurora.Tests.dll" adapterTypeName="executor://xunit/VsTestRunner3/netcore/" className="Aurora.Tests.Tests.SourceRestrictionTreeBuilderTests" name="RequiredSourcesAreLeftOutOfTheCategoryTheyWouldOtherwiseJoin" />
    </UnitTest>
    <UnitTest name="Aurora.Tests.Tests.SourceRestrictionTreeBuilderTests.RequiredSourcesAreCollectedAtTheEndAndCannotBeSwitchedOff" storage="c:\users\ralla\source\repos\aurora-lights\aurora.tests\bin\debug\net10.0\aurora.tests.dll" id="ba0e6c6c-06e6-8452-4303-53ba17328100">
      <Execution id="2bea6318-ac36-4713-a891-046da04044a4" />
      <TestMethod codeBase="C:\Users\Ralla\source\repos\Aurora-Lights\Aurora.Tests\bin\Debug\net10.0\Aurora.Tests.dll" adapterTypeName="executor://xunit/VsTestRunner3/netcore/" className="Aurora.Tests.Tests.SourceRestrictionTreeBuilderTests" name="RequiredSourcesAreCollectedAtTheEndAndCannotBeSwitchedOff" />
    </UnitTest>
    <UnitTest name="Aurora.Tests.Tests.SourceRestrictionsEditorTests.RequiredSourcesAreVisiblyEnabledAndLocked" storage="c:\users\ralla\source\repos\aurora-lights\aurora.tests\bin\debug\net10.0\aurora.tests.dll" id="c92b96de-d8ce-db36-d470-46d3ad9a0146">
      <Execution id="74c3fa43-4678-46bb-9c3b-6ff7054fb055" />
      <TestMethod codeBase="C:\Users\Ralla\source\repos\Aurora-Lights\Aurora.Tests\bin\Debug\net10.0\Aurora.Tests.dll" adapterTypeName="executor://xunit/VsTestRunner3/netcore/" className="Aurora.Tests.Tests.SourceRestrictionsEditorTests" name="RequiredSourcesAreVisiblyEnabledAndLocked" />
    </UnitTest>
    <UnitTest name="Aurora.Tests.Tests.ContentSkipReportingTests.SkippingIsOnByDefaultSoARefreshIsNotBlockedByOneBadFile" storage="c:\users\ralla\source\repos\aurora-lights\aurora.tests\bin\debug\net10.0\aurora.tests.dll" id="c1a6011f-4236-ebcb-37b5-5f40f59c13c9">
      <Execution id="ea38b1cb-597b-4a67-acb0-f8d20b94f72e" />
      <TestMethod codeBase="C:\Users\Ralla\source\repos\Aurora-Lights\Aurora.Tests\bin\Debug\net10.0\Aurora.Tests.dll" adapterTypeName="executor://xunit/VsTestRunner3/netcore/" className="Aurora.Tests.Tests.ContentSkipReportingTests" name="SkippingIsOnByDefaultSoARefreshIsNotBlockedByOneBadFile" />
    </UnitTest>
    <UnitTest name="Aurora.Tests.Tests.SourceRestrictionsEditorTests.TogglingACategorySendsEverySourceUnderIt" storage="c:\users\ralla\source\repos\aurora-lights\aurora.tests\bin\debug\net10.0\aurora.tests.dll" id="6bc72b9c-a566-9507-56f7-d5e393a8d032">
      <Execution id="691102ea-60f1-498f-a84e-e48d379899bd" />
      <TestMethod codeBase="C:\Users\Ralla\source\repos\Aurora-Lights\Aurora.Tests\bin\Debug\net10.0\Aurora.Tests.dll" adapterTypeName="executor://xunit/VsTestRunner3/netcore/" className="Aurora.Tests.Tests.SourceRestrictionsEditorTests" name="TogglingACategorySendsEverySourceUnderIt" />
    </UnitTest>
    <UnitTest name="Aurora.Tests.Tests.ContentFallbackPolicyTests.PersistedExclusionsBlockRawFallbackEvenWithoutUnavailableIds(kind: &quot;unreadable&quot;)" storage="c:\users\ralla\source\repos\aurora-lights\aurora.tests\bin\debug\net10.0\aurora.tests.dll" id="6bd5e14f-5e77-50b5-35e9-7f9c1ffc7513">
      <Execution id="1c5abfcc-81d4-4088-bd1e-b4e22d8a3489" />
      <TestMethod codeBase="C:\Users\Ralla\source\repos\Aurora-Lights\Aurora.Tests\bin\Debug\net10.0\Aurora.Tests.dll" adapterTypeName="executor://xunit/VsTestRunner3/netcore/" className="Aurora.Tests.Tests.ContentFallbackPolicyTests" name="PersistedExclusionsBlockRawFallbackEvenWithoutUnavailableIds" />
    </UnitTest>
    <UnitTest name="Aurora.Tests.Tests.ContentUnavailableReportingTests.SummarySeparatesUnavailableDefinitionsFromSkippedFilesAndAppends" storage="c:\users\ralla\source\repos\aurora-lights\aurora.tests\bin\debug\net10.0\aurora.tests.dll" id="07b9b987-4dd7-1782-600d-b619fcc27382">
      <Execution id="103c9d07-5351-41d6-b923-6a49f7d85dfa" />
      <TestMethod codeBase="C:\Users\Ralla\source\repos\Aurora-Lights\Aurora.Tests\bin\Debug\net10.0\Aurora.Tests.dll" adapterTypeName="executor://xunit/VsTestRunner3/netcore/" className="Aurora.Tests.Tests.ContentUnavailableReportingTests" name="SummarySeparatesUnavailableDefinitionsFromSkippedFilesAndAppends" />
    </UnitTest>
    <UnitTest name="Aurora.Tests.Tests.SourceRestrictionsEditorTests.FilteringByCategoryShowsEveryPublisherAndBookBelowIt" storage="c:\users\ralla\source\repos\aurora-lights\aurora.tests\bin\debug\net10.0\aurora.tests.dll" id="eaa2f0f3-1584-03b0-6765-2a0745d32bb4">
      <Execution id="94c3150a-ff95-4b60-b1ad-f5d7ef260414" />
      <TestMethod codeBase="C:\Users\Ralla\source\repos\Aurora-Lights\Aurora.Tests\bin\Debug\net10.0\Aurora.Tests.dll" adapterTypeName="executor://xunit/VsTestRunner3/netcore/" className="Aurora.Tests.Tests.SourceRestrictionsEditorTests" name="FilteringByCategoryShowsEveryPublisherAndBookBelowIt" />
    </UnitTest>
    <UnitTest name="Aurora.Tests.Tests.SourceRestrictionTreeBuilderTests.ACategoryDrawingOnSeveralPublishersNestsThem" storage="c:\users\ralla\source\repos\aurora-lights\aurora.tests\bin\debug\net10.0\aurora.tests.dll" id="80818d08-b5bf-80ca-afa4-a0f81b502722">
      <Execution id="f27d3d59-c43e-4b00-8a37-0a4deab0af1f" />
      <TestMethod codeBase="C:\Users\Ralla\source\repos\Aurora-Lights\Aurora.Tests\bin\Debug\net10.0\Aurora.Tests.dll" adapterTypeName="executor://xunit/VsTestRunner3/netcore/" className="Aurora.Tests.Tests.SourceRestrictionTreeBuilderTests" name="ACategoryDrawingOnSeveralPublishersNestsThem" />
    </UnitTest>
  </TestDefinitions>
  <TestEntries>
    <TestEntry testId="1e2407cb-8df5-795d-dad0-41be9ce6d28c" executionId="af354b06-f5c7-4746-b445-e2dfb86de16b" testListId="8c84fa94-04c1-424b-9868-57a2d4851a1d" />
    <TestEntry testId="5259b302-c705-3cbc-d1a9-f15931292b2b" executionId="fc855e59-ccdd-48cc-804f-754b5a7d0e72" testListId="8c84fa94-04c1-424b-9868-57a2d4851a1d" />
    <TestEntry testId="ba0e6c6c-06e6-8452-4303-53ba17328100" executionId="2bea6318-ac36-4713-a891-046da04044a4" testListId="8c84fa94-04c1-424b-9868-57a2d4851a1d" />
    <TestEntry testId="76b9e12e-f20a-38e8-7b4e-0c5a6ffa7667" executionId="64f51a1f-ce42-4747-82d4-4bd84b7255b0" testListId="8c84fa94-04c1-424b-9868-57a2d4851a1d" />
    <TestEntry testId="16edb4ff-a7da-e5be-5b2e-9daf55125c11" executionId="023fd340-d2b2-4086-a524-463e031d1390" testListId="8c84fa94-04c1-424b-9868-57a2d4851a1d" />
    <TestEntry testId="330f1c2d-3ca2-29b8-3bc0-7ada9afd810b" executionId="df4d3a86-d67b-4e71-809f-bb3ead722c13" testListId="8c84fa94-04c1-424b-9868-57a2d4851a1d" />
    <TestEntry testId="adba412f-aa12-4772-ac60-675d6ee3c979" executionId="43db8fe3-28d0-4414-8226-487c68e6f0ce" testListId="8c84fa94-04c1-424b-9868-57a2d4851a1d" />
    <TestEntry testId="9183fe3f-09c8-e0c3-8473-1765093c64fd" executionId="2291a41a-f6ed-467b-95cf-e715cecee318" testListId="8c84fa94-04c1-424b-9868-57a2d4851a1d" />
    <TestEntry testId="c56ed313-d337-d02f-ef1c-7bc544640c99" executionId="3df7996f-010a-42cb-a487-399299dfb9e5" testListId="8c84fa94-04c1-424b-9868-57a2d4851a1d" />
    <TestEntry testId="1b22609c-3aa1-21c9-92e6-521740904cb4" executionId="47d85feb-55aa-48ba-bab2-db133c7eaa91" testListId="8c84fa94-04c1-424b-9868-57a2d4851a1d" />
    <TestEntry testId="6bc72b9c-a566-9507-56f7-d5e393a8d032" executionId="691102ea-60f1-498f-a84e-e48d379899bd" testListId="8c84fa94-04c1-424b-9868-57a2d4851a1d" />
    <TestEntry testId="2795c8ed-a38a-8402-91a7-8a7aabf55a8c" executionId="66723970-e0ad-44a7-be6b-c8c22b529a0d" testListId="8c84fa94-04c1-424b-9868-57a2d4851a1d" />
    <TestEntry testId="1b1a9f85-56a7-6968-9a1e-15d9f969f8fb" executionId="17d45676-7ca5-49b7-bad1-57af6c08efe7" testListId="8c84fa94-04c1-424b-9868-57a2d4851a1d" />
    <TestEntry testId="bb10c825-2da4-45ad-572a-e7f7aff7f76f" executionId="981f22b9-5fae-44bd-ac8f-a75983e9973d" testListId="8c84fa94-04c1-424b-9868-57a2d4851a1d" />
    <TestEntry testId="4f6bde2e-308b-4e2b-1acf-a6cebabf88b6" executionId="e47d9a26-bb49-41f1-99be-a424041593ba" testListId="8c84fa94-04c1-424b-9868-57a2d4851a1d" />
    <TestEntry testId="90442827-b214-dae0-2af3-7cfff0d21fe7" executionId="7827f51f-491d-41bf-be4d-989cae24b78c" testListId="8c84fa94-04c1-424b-9868-57a2d4851a1d" />
    <TestEntry testId="59eef54e-3de5-633b-8274-926ea6868b39" executionId="b7f31ac7-5b70-4d7d-a911-6940738a85a0" testListId="8c84fa94-04c1-424b-9868-57a2d4851a1d" />
    <TestEntry testId="c92b96de-d8ce-db36-d470-46d3ad9a0146" executionId="74c3fa43-4678-46bb-9c3b-6ff7054fb055" testListId="8c84fa94-04c1-424b-9868-57a2d4851a1d" />
    <TestEntry testId="9ead0ad9-911e-c3c5-7301-627a6274b5d3" executionId="6b54d603-12e1-4cf2-8693-62066c5bb0f7" testListId="8c84fa94-04c1-424b-9868-57a2d4851a1d" />
    <TestEntry testId="9b90017e-b8b1-9aea-caf6-fc81fb97d750" executionId="be02b9b0-878e-4ba1-9f67-a25e9bdec7f7" testListId="8c84fa94-04c1-424b-9868-57a2d4851a1d" />
    <TestEntry testId="34c56147-0558-ee74-ab94-c73b31c10e06" executionId="b3dd573e-41ba-4930-b5a5-6f4d92033c0e" testListId="8c84fa94-04c1-424b-9868-57a2d4851a1d" />
    <TestEntry testId="c415bce2-2437-a1a9-c54a-6cd44f8807f3" executionId="3b517a0a-74ef-48bd-a57e-30d9460739e2" testListId="8c84fa94-04c1-424b-9868-57a2d4851a1d" />
    <TestEntry testId="80dcb568-338f-7130-f606-68445280a269" executionId="ff80a1aa-91f6-4d65-8292-e059ba6861c5" testListId="8c84fa94-04c1-424b-9868-57a2d4851a1d" />
    <TestEntry testId="07b9b987-4dd7-1782-600d-b619fcc27382" executionId="103c9d07-5351-41d6-b923-6a49f7d85dfa" testListId="8c84fa94-04c1-424b-9868-57a2d4851a1d" />
    <TestEntry testId="d151edec-8c50-2bb0-97f9-5d043c546855" executionId="b44b8b4c-5bf7-4df2-9c12-9c1a55ce98e4" testListId="8c84fa94-04c1-424b-9868-57a2d4851a1d" />
    <TestEntry testId="dada10b9-9406-82a0-1dc5-bfbb9fc166ad" executionId="693776c3-c049-47f2-8de1-483369f060e5" testListId="8c84fa94-04c1-424b-9868-57a2d4851a1d" />
    <TestEntry testId="574f9084-bd79-f342-46b3-12150ac8a44c" executionId="6a92dbc5-33a8-49f1-ad89-e21403e5162d" testListId="8c84fa94-04c1-424b-9868-57a2d4851a1d" />
    <TestEntry testId="42c1a4b0-0432-60bb-f992-74e8859181bc" executionId="dfbdd8ef-556b-4d2f-b6b4-fe5d4aa8dc76" testListId="8c84fa94-04c1-424b-9868-57a2d4851a1d" />
    <TestEntry testId="6d22cd25-0654-f79a-f69d-ff5ecebaf9ab" executionId="85fcc1dd-8f87-4457-aebb-f7aff010fffe" testListId="8c84fa94-04c1-424b-9868-57a2d4851a1d" />
    <TestEntry testId="73ea55e3-6a21-1ed4-e052-a36b5bd20f08" executionId="2fc5fe29-b860-4815-a405-694ecf344e21" testListId="8c84fa94-04c1-424b-9868-57a2d4851a1d" />
    <TestEntry testId="eda5bc7c-2869-83ae-c9e7-00f8701cdbde" executionId="4450bbdf-7d1d-414e-b0e1-92381c0090db" testListId="8c84fa94-04c1-424b-9868-57a2d4851a1d" />
    <TestEntry testId="39e20706-3a37-3ae2-9592-74868b1402aa" executionId="9638f43d-bf99-4249-b6a8-a1948e96f0f1" testListId="8c84fa94-04c1-424b-9868-57a2d4851a1d" />
    <TestEntry testId="b48d7164-af6a-4b35-e0d2-470ea442f52c" executionId="bf9ab632-d78d-49b3-b44c-99c8dd959dd3" testListId="8c84fa94-04c1-424b-9868-57a2d4851a1d" />
    <TestEntry testId="5d7ace40-9f32-bff4-6872-eb1531a11834" executionId="f81c2228-2da0-4fa5-a028-164cf6f87d23" testListId="8c84fa94-04c1-424b-9868-57a2d4851a1d" />
    <TestEntry testId="80818d08-b5bf-80ca-afa4-a0f81b502722" executionId="f27d3d59-c43e-4b00-8a37-0a4deab0af1f" testListId="8c84fa94-04c1-424b-9868-57a2d4851a1d" />
    <TestEntry testId="9ad5feda-9cca-570a-f39a-717209710375" executionId="a78b6bd0-2163-4fda-8807-0f9c4f38c160" testListId="8c84fa94-04c1-424b-9868-57a2d4851a1d" />
    <TestEntry testId="c1a6011f-4236-ebcb-37b5-5f40f59c13c9" executionId="ea38b1cb-597b-4a67-acb0-f8d20b94f72e" testListId="8c84fa94-04c1-424b-9868-57a2d4851a1d" />
    <TestEntry testId="6bd5e14f-5e77-50b5-35e9-7f9c1ffc7513" executionId="1c5abfcc-81d4-4088-bd1e-b4e22d8a3489" testListId="8c84fa94-04c1-424b-9868-57a2d4851a1d" />
    <TestEntry testId="13df6f03-e8ae-98a6-8832-570baf782ef7" executionId="6d5e4a1e-8a4e-4f3d-8f2a-00cb015fce87" testListId="8c84fa94-04c1-424b-9868-57a2d4851a1d" />
    <TestEntry testId="eaa2f0f3-1584-03b0-6765-2a0745d32bb4" executionId="94c3150a-ff95-4b60-b1ad-f5d7ef260414" testListId="8c84fa94-04c1-424b-9868-57a2d4851a1d" />
    <TestEntry testId="8f129fe2-718d-3ba5-64ea-fc4033c6cc46" executionId="226b6448-eeb8-4bad-ba3c-5fca6968f562" testListId="8c84fa94-04c1-424b-9868-57a2d4851a1d" />
    <TestEntry testId="6f9d6385-7501-9832-117e-b4006b086d14" executionId="0c95a335-ba92-4639-8ca4-8ef3dc22629d" testListId="8c84fa94-04c1-424b-9868-57a2d4851a1d" />
    <TestEntry testId="c5526f8e-be69-2d37-a31d-b1e3b085881d" executionId="785e5375-abab-4942-b5b9-e93bf58a92bb" testListId="8c84fa94-04c1-424b-9868-57a2d4851a1d" />
    <TestEntry testId="3af94c28-471d-f98b-fdbf-f94263add2d7" executionId="95a245a3-553c-4010-ad63-9c1074b5dc59" testListId="8c84fa94-04c1-424b-9868-57a2d4851a1d" />
    <TestEntry testId="4fe7a012-a553-529a-9ddc-f62b0a81f5df" executionId="bc28b983-cc4d-4373-8a5e-267859044263" testListId="8c84fa94-04c1-424b-9868-57a2d4851a1d" />
    <TestEntry testId="98f1695c-552e-9883-e164-7951dc14829c" executionId="7fc2d929-7fdf-497b-9bc3-f8067bc83b65" testListId="8c84fa94-04c1-424b-9868-57a2d4851a1d" />
  </TestEntries>
  <TestLists>
    <TestList name="Results Not in a List" id="8c84fa94-04c1-424b-9868-57a2d4851a1d" />
    <TestList name="All Loaded Results" id="19431567-8539-422a-85d7-44ee4e166bda" />
  </TestLists>
  <ResultSummary outcome="Completed">
    <Counters total="46" executed="46" passed="46" failed="0" error="0" timeout="0" aborted="0" inconclusive="0" passedButRunAborted="0" notRunnable="0" notExecuted="0" disconnected="0" warning="0" completed="0" inProgress="0" pending="0" />
    <Output>
      <StdOut>[xUnit.net 00:00:00.00] xUnit.net VSTest Adapter v3.1.4+50e68bbb8b (64-bit .NET 10.0.12)&#xD;
[xUnit.net 00:00:01.33]   Discovering: Aurora.Tests&#xD;
[xUnit.net 00:00:01.47]   Discovered:  Aurora.Tests&#xD;
[xUnit.net 00:00:01.51]   Starting:    Aurora.Tests&#xD;
Aurora import: 1 elements processed (1 files changed, 0 unchanged).&#xD;
Aurora import: 0 elements processed (1 files changed, 1 unchanged).&#xD;
Aurora import: 1 elements processed (1 files changed, 0 unchanged).&#xD;
Aurora import: 1 elements processed (2 files changed, 0 unchanged).&#xD;
Aurora import: 0 elements processed (0 files changed, 1 unchanged).&#xD;
Aurora import: 1 elements processed (1 files changed, 0 unchanged).&#xD;
Aurora import: 1 elements processed (1 files changed, 0 unchanged).&#xD;
Aurora import: 1 elements processed (1 files changed, 0 unchanged).&#xD;
Aurora import: 3 elements processed (2 files changed, 0 unchanged).&#xD;
[xUnit.net 00:00:15.05]   Finished:    Aurora.Tests&#xD;
</StdOut>
    </Output>
  </ResultSummary>
</TestRun>